// Jest Snapshot v1, https://goo.gl/fbAQLP

exports[`<Export /> renders correctly 1`] = `
Array [
  <RCTSafeAreaView
    emulateUnlessSupported={true}
    style={
      Object {
        "backgroundColor": "#6979F8",
        "flex": 0,
      }
    }
  />,
  <RCTSafeAreaView
    emulateUnlessSupported={true}
    style={
      Object {
        "backgroundColor": "#3A4CD7",
        "flex": 1,
      }
    }
  >
    <BVLinearGradient
      colors={
        Array [
          4285102584,
          4282010839,
        ]
      }
      endPoint={
        Object {
          "x": 0,
          "y": 1,
        }
      }
      locations={null}
      startPoint={
        Object {
          "x": 0,
          "y": 0,
        }
      }
      style={
        Object {
          "flex": 1,
          "height": "100%",
        }
      }
    >
      <View
        style={
          Object {
            "flexDirection": "row",
            "justifyContent": "flex-end",
          }
        }
      >
        <View
          accessible={true}
          focusable={true}
          isTVSelectable={true}
          onClick={[Function]}
          onResponderGrant={[Function]}
          onResponderMove={[Function]}
          onResponderRelease={[Function]}
          onResponderTerminate={[Function]}
          onResponderTerminationRequest={[Function]}
          onStartShouldSetResponder={[Function]}
          style={
            Object {
              "alignItems": "center",
              "height": 55,
              "justifyContent": "center",
              "opacity": 1,
              "width": 60,
              "zIndex": 1,
            }
          }
        >
          <SvgXml
            style={
              Object {
                "height": 18,
                "width": 18,
              }
            }
            xml="<?xml version=\\"1.0\\" encoding=\\"UTF-8\\"?>
<svg width=\\"28\\" height=\\"28\\" viewBox=\\"0 0 28 28\\" fill=\\"none\\" xmlns=\\"http://www.w3.org/2000/svg\\">
<path d=\\"M15.2376 14L22.7856 21.548C23.1273 21.8897 23.1273 22.4437 22.7856 22.7854C22.4438 23.1271 21.8898 23.1271 21.5481 22.7854L14.0002 15.2374L6.45221 22.7854C6.11051 23.1271 5.55649 23.1271 5.21478 22.7854C4.87307 22.4437 4.87307 21.8897 5.21478 21.548L12.7627 14L5.21478 6.45205C4.87307 6.11034 4.87307 5.55632 5.21478 5.21461C5.55649 4.87291 6.11051 4.87291 6.45221 5.21461L14.0002 12.7626L21.5481 5.21461C21.8898 4.87291 22.4438 4.87291 22.7856 5.21461C23.1273 5.55632 23.1273 6.11034 22.7856 6.45205L15.2376 14Z\\" fill=\\"white\\"/>
</svg>"
          />
        </View>
      </View>
      <RCTScrollView
        contentContainerStyle={
          Object {
            "flex": 1,
            "flexDirection": "column",
            "paddingHorizontal": 26,
            "width": "100%",
          }
        }
      >
        <View>
          <View
            style={
              Object {
                "flex": 1,
                "paddingTop": 48,
              }
            }
          >
            <Text
              style={
                Object {
                  "color": "#FFF",
                  "fontFamily": "IBMPlexSans-Medium",
                  "fontSize": 26,
                  "marginTop": 9,
                }
              }
            >
              Share location history
            </Text>
            <Text
              style={
                Object {
                  "color": "#FFF",
                  "fontFamily": "IBMPlexSans",
                  "fontSize": 18,
                  "lineHeight": 22.5,
                  "marginTop": 22,
                }
              }
            >
              If you test positive for COVID-19, please do your part by sharing your location history with local authorities.
            </Text>
            <Text
              style={
                Object {
                  "color": "#FFF",
                  "fontFamily": "IBMPlexSans",
                  "fontSize": 18,
                  "lineHeight": 22.5,
                  "marginTop": 22,
                }
              }
            >
              Location is shared as a simple list of times and places, no additional information.
            </Text>
            <View
              accessible={true}
              focusable={true}
              isTVSelectable={true}
              onClick={[Function]}
              onResponderGrant={[Function]}
              onResponderMove={[Function]}
              onResponderRelease={[Function]}
              onResponderTerminate={[Function]}
              onResponderTerminationRequest={[Function]}
              onStartShouldSetResponder={[Function]}
              style={
                Object {
                  "alignItems": "center",
                  "backgroundColor": "#FFF",
                  "borderRadius": 8,
                  "flexDirection": "row",
                  "height": 64,
                  "justifyContent": "space-around",
                  "marginTop": 48,
                  "opacity": 1,
                }
              }
            >
              <Text
                style={
                  Object {
                    "color": "#4051DB",
                    "fontFamily": "IBMPlexSans-Medium",
                    "fontSize": 20,
                  }
                }
              >
                Share location data
              </Text>
              <SvgXml
                style={
                  Object {
                    "height": 21,
                    "width": 16,
                  }
                }
                xml="<?xml version=\\"1.0\\" encoding=\\"UTF-8\\"?>
<svg width=\\"16\\" height=\\"21\\" viewBox=\\"0 0 16 21\\" fill=\\"none\\" xmlns=\\"http://www.w3.org/2000/svg\\">
<path d=\\"M13 7H14C15.1046 7 16 7.89543 16 9V19C16 20.1046 15.1046 21 14 21H2C0.89543 21 0 20.1046 0 19V9C0 7.89543 0.89543 7 2 7H3C3.55228 7 4 7.44772 4 8C4 8.55228 3.55228 9 3 9H2V19H14V9H13C12.4477 9 12 8.55228 12 8C12 7.44772 12.4477 7 13 7ZM7.24029 0.349711C7.42369 0.135645 7.69601 0 8 0C8.30399 0 8.57631 0.135645 8.75971 0.349711L11.5355 3.12553C11.9261 3.51606 11.9261 4.14922 11.5355 4.53975C11.145 4.93027 10.5118 4.93027 10.1213 4.53975L9 3.41843V13C9 13.5523 8.55228 14 8 14C7.44772 14 7 13.5523 7 13V3.41843L5.87868 4.53975C5.48815 4.93027 4.85499 4.93027 4.46447 4.53975C4.07394 4.14922 4.07394 3.51606 4.46447 3.12553L7.24029 0.349711Z\\" fill=\\"#4051DB\\"/>
</svg>"
              />
            </View>
          </View>
        </View>
      </RCTScrollView>
    </BVLinearGradient>
  </RCTSafeAreaView>,
]
`;
